82.4.10.234 - - [30/Oct/2021:14:27:01 +0000] "GET / HTTP/1.0" 200 1720 "-" "Mozilla/5.0 (Windows NT 10.0; Win64; x64) AppleWebKit/537.36 (KHTML, like Gecko) Chrome/95.0.4638.54 Safari/537.36"
82.4.10.234 - - [30/Oct/2021:14:27:04 +0000] "GET / HTTP/1.0" 200 341 "-" "Mozilla/5.0 (Windows NT 10.0; Win64; x64) AppleWebKit/537.36 (KHTML, like Gecko) Chrome/95.0.4638.54 Safari/537.36"
82.4.10.234 - - [30/Oct/2021:14:27:04 +0000] "GET /favicon.ico HTTP/1.0" 404 1217 "https://harmonypay.io/" "Mozilla/5.0 (Windows NT 10.0; Win64; x64) AppleWebKit/537.36 (KHTML, like Gecko) Chrome/95.0.4638.54 Safari/537.36"
185.212.47.243 - - [30/Oct/2021:14:49:44 +0000] "GET / HTTP/1.0" 200 1733 "-" "Mozilla/5.0 (Windows NT 10.0; Win64; x64; rv: 48.0) Gecko/20100101 Firefox/48.0"
185.227.108.85 - - [30/Oct/2021:14:49:44 +0000] "GET / HTTP/1.0" 200 341 "-" "Mozilla/5.0 (Windows NT 10.0; Win64; x64; rv: 48.0) Gecko/20100101 Firefox/48.0"
185.13.148.225 - - [30/Oct/2021:14:49:45 +0000] "GET / HTTP/1.0" 200 341 "-" "user_agent: rc-crawler"
176.9.16.239 - - [30/Oct/2021:14:49:45 +0000] "GET /robots.txt HTTP/1.0" 404 1245 "-" "axios/0.21.1"
176.9.22.111 - - [30/Oct/2021:14:49:45 +0000] "GET / HTTP/1.0" 200 341 "-" "Mozilla/5.0 (Macintosh; Intel Mac OS X 10.14; rv:66.0) Gecko/20100101 Firefox/66.0"
3.64.47.203 - - [30/Oct/2021:14:49:45 +0000] "GET / HTTP/1.0" 200 341 "-" "Mozilla/5.0 (Macintosh; Intel Mac OS X 10_13_2) AppleWebKit/537.36 (KHTML, like Gecko) Chrome/69.0.3497.100 Safari/537.36"
176.9.44.21 - - [30/Oct/2021:14:49:45 +0000] "GET / HTTP/1.0" 200 341 "-" "Mozilla/5.0 (Macintosh; Intel Mac OS X 10_13_2) AppleWebKit/537.36 (KHTML, like Gecko) Chrome/69.0.3497.100 Safari/537.36"
176.9.20.46 - - [30/Oct/2021:14:49:45 +0000] "GET / HTTP/1.0" 200 341 "-" "Mozilla/5.0 (Macintosh; Intel Mac OS X 10_13_2) AppleWebKit/537.36 (KHTML, like Gecko) Chrome/69.0.3497.100 Safari/537.36"
176.9.16.239 - - [30/Oct/2021:14:49:45 +0000] "GET /robots.txt HTTP/1.0" 404 1217 "-" "-"
176.9.16.239 - - [30/Oct/2021:14:49:46 +0000] "GET / HTTP/1.0" 200 341 "-" "rc-crawler"
66.249.93.108 - - [30/Oct/2021:14:49:48 +0000] "GET / HTTP/1.0" 200 341 "-" "Mozilla/5.0 (Linux; Android 7.0; Moto G (4)) AppleWebKit/537.36 (KHTML, like Gecko) Chrome/94.0.4590.2 Mobile Safari/537.36 Chrome-Lighthouse"
213.171.217.107 - - [30/Oct/2021:14:49:54 +0000] "GET / HTTP/1.0" 200 341 "-" "Mozilla/5.0 (Windows NT 10.0; Win64; x64; rv:91.0) Gecko/20100101 Firefox/91.0"
213.171.217.107 - - [30/Oct/2021:14:49:54 +0000] "GET /favicon.ico HTTP/1.0" 404 1245 "https://harmonypay.io/" "Mozilla/5.0 (Windows NT 10.0; Win64; x64; rv:91.0) Gecko/20100101 Firefox/91.0"
213.171.217.107 - - [30/Oct/2021:14:54:34 +0000] "GET / HTTP/1.0" 200 341 "-" "Mozilla/5.0 (Windows NT 10.0; Win64; x64) AppleWebKit/537.36 (KHTML, like Gecko) Chrome/94.0.4606.61 Safari/537.36"
213.171.217.107 - - [30/Oct/2021:14:54:35 +0000] "GET /favicon.ico HTTP/1.0" 404 1217 "https://harmonypay.io/" "Mozilla/5.0 (Windows NT 10.0; Win64; x64) AppleWebKit/537.36 (KHTML, like Gecko) Chrome/94.0.4606.61 Safari/537.36"
127.0.0.1 - - [30/Oct/2021:14:55:22 +0000] "GET / HTTP/1.0" 200 1733 "-" "Mozilla/5.0 (Windows NT 10.0; Win64; x64) AppleWebKit/537.36 (KHTML, like Gecko) Chrome/94.0.4606.61 Safari/537.36"
77.68.114.72 - - [30/Oct/2021:14:56:41 +0000] "GET / HTTP/1.0" 200 341 "-" "Mozilla/5.0 (Windows NT 10.0; Win64; x64; rv:93.0) Gecko/20100101 Firefox/93.0"
77.68.114.72 - - [30/Oct/2021:14:56:41 +0000] "GET /favicon.ico HTTP/1.0" 404 1245 "https://harmonypay.io/" "Mozilla/5.0 (Windows NT 10.0; Win64; x64; rv:93.0) Gecko/20100101 Firefox/93.0"
77.68.114.72 - - [30/Oct/2021:14:56:54 +0000] "GET / HTTP/1.0" 200 341 "-" "Mozilla/5.0 (Windows NT 10.0; Win64; x64; rv:93.0) Gecko/20100101 Firefox/93.0"
77.68.114.72 - - [30/Oct/2021:14:57:37 +0000] "GET / HTTP/1.0" 200 341 "-" "Mozilla/5.0 (Windows NT 10.0; Win64; x64; rv:93.0) Gecko/20100101 Firefox/93.0"
77.68.114.72 - - [30/Oct/2021:14:57:39 +0000] "GET / HTTP/1.0" 200 341 "-" "Mozilla/5.0 (Windows NT 10.0; Win64; x64; rv:93.0) Gecko/20100101 Firefox/93.0"
77.68.114.72 - - [30/Oct/2021:15:01:31 +0000] "GET / HTTP/1.0" 200 1733 "-" "Mozilla/5.0 (Windows NT 10.0; Win64; x64; rv:93.0) Gecko/20100101 Firefox/93.0"
34.240.230.15 - - [30/Oct/2021:15:14:23 +0000] "GET / HTTP/1.0" 200 1733 "-" "Mozilla/5.0 (X11; Linux x86_64) AppleWebKit/537.36 (KHTML, like Gecko) HeadlessChrome/78.0.3882.0 Safari/537.36"
173.44.117.69 - - [30/Oct/2021:15:18:53 +0000] "GET / HTTP/1.0" 200 341 "-" "Mozilla/5.0 (Windows NT 10.0; Win64; x64) AppleWebKit/537.36 (KHTML, like Gecko) Chrome/94.0.4606.61 Safari/537.36"
216.66.105.70 - - [30/Oct/2021:15:18:54 +0000] "GET / HTTP/1.0" 200 341 "-" "Mozilla/5.0 (Windows NT 10.0; Win64; x64) AppleWebKit/537.36 (KHTML, like Gecko) Chrome/93.0.4577.82 Safari/537.36"
62.206.164.69 - - [30/Oct/2021:15:18:58 +0000] "GET / HTTP/1.0" 200 341 "-" "Mozilla/5.0 (Windows NT 10.0; Win64; x64) AppleWebKit/537.36 (KHTML, like Gecko) Chrome/94.0.4606.61 Safari/537.36"
173.44.117.68 - - [30/Oct/2021:15:18:58 +0000] "GET / HTTP/1.0" 200 341 "-" "Mozilla/5.0 (Windows NT 10.0; Win64; x64) AppleWebKit/537.36 (KHTML, like Gecko) Chrome/93.0.4577.82 Safari/537.36"
182.79.251.77 - - [30/Oct/2021:15:19:00 +0000] "GET / HTTP/1.0" 200 341 "-" "Mozilla/5.0 (Windows NT 10.0; Win64; x64) AppleWebKit/537.36 (KHTML, like Gecko) Chrome/93.0.4577.82 Safari/537.36"
66.60.182.71 - - [30/Oct/2021:15:19:00 +0000] "GET / HTTP/1.0" 200 341 "-" "Mozilla/5.0 (Windows NT 10.0; Win64; x64) AppleWebKit/537.36 (KHTML, like Gecko) Chrome/94.0.4606.61 Safari/537.36"
191.183.100.203 - - [30/Oct/2021:15:37:17 +0000] "GET / HTTP/1.0" 200 1733 "-" "Mozilla/5.0 (X11; Linux x86_64) AppleWebKit/537.36 (KHTML, like Gecko) Chrome/94.0.4606.81 Safari/537.36"
191.183.100.203 - - [30/Oct/2021:15:37:18 +0000] "GET /favicon.ico HTTP/1.0" 404 1245 "https://harmonypay.io/" "Mozilla/5.0 (X11; Linux x86_64) AppleWebKit/537.36 (KHTML, like Gecko) Chrome/94.0.4606.81 Safari/537.36"
3.249.14.32 - - [30/Oct/2021:17:22:19 +0000] "GET / HTTP/1.0" 200 1733 "-" "Mozilla/5.0 (X11; Linux x86_64) AppleWebKit/537.36 (KHTML, like Gecko) HeadlessChrome/78.0.3882.0 Safari/537.36"
195.214.233.8 - - [30/Oct/2021:17:22:55 +0000] "GET / HTTP/1.0" 200 341 "https://77.68.121.132:8443/" "Mozilla/5.0 (Windows NT 6.3; Win64; x64) AppleWebKit/537.36 (KHTML, like Gecko) Chrome/95.0.4638.54 Safari/537.36"
195.214.233.8 - - [30/Oct/2021:17:22:55 +0000] "GET /favicon.ico HTTP/1.0" 404 1245 "https://harmonypay.io/" "Mozilla/5.0 (Windows NT 6.3; Win64; x64) AppleWebKit/537.36 (KHTML, like Gecko) Chrome/95.0.4638.54 Safari/537.36"
195.214.233.8 - - [30/Oct/2021:17:23:03 +0000] "GET / HTTP/1.0" 200 341 "https://77.68.121.132:8443/" "Mozilla/5.0 (Windows NT 6.3; Win64; x64) AppleWebKit/537.36 (KHTML, like Gecko) Chrome/95.0.4638.54 Safari/537.36"
195.214.233.8 - - [30/Oct/2021:17:23:08 +0000] "GET / HTTP/1.0" 200 341 "https://77.68.121.132:8443/" "Mozilla/5.0 (Windows NT 6.3; Win64; x64) AppleWebKit/537.36 (KHTML, like Gecko) Chrome/95.0.4638.54 Safari/537.36"
195.214.233.8 - - [30/Oct/2021:17:27:46 +0000] "GET /test.html HTTP/1.0" 200 1940 "-" "Mozilla/5.0 (Windows NT 6.3; Win64; x64) AppleWebKit/537.36 (KHTML, like Gecko) Chrome/95.0.4638.54 Safari/537.36"
195.214.233.8 - - [30/Oct/2021:17:30:37 +0000] "GET / HTTP/1.0" 200 354 "-" "Mozilla/5.0 (Windows NT 6.3; Win64; x64) AppleWebKit/537.36 (KHTML, like Gecko) Chrome/95.0.4638.54 Safari/537.36"
195.214.233.8 - - [30/Oct/2021:17:31:27 +0000] "GET / HTTP/1.0" 200 341 "-" "Mozilla/5.0 (Windows NT 6.3; Win64; x64) AppleWebKit/537.36 (KHTML, like Gecko) Chrome/95.0.4638.54 Safari/537.36"
187.69.102.85 - - [30/Oct/2021:18:54:15 +0000] "GET / HTTP/1.0" 200 1733 "-" "Mozilla/5.0 (Windows NT 10.0; Win64; x64) AppleWebKit/537.36 (KHTML, like Gecko) Chrome/95.0.4638.54 Safari/537.36"
187.69.102.85 - - [30/Oct/2021:18:54:23 +0000] "GET / HTTP/1.0" 200 341 "-" "Mozilla/5.0 (Windows NT 10.0; Win64; x64) AppleWebKit/537.36 (KHTML, like Gecko) Chrome/95.0.4638.54 Safari/537.36"
187.69.102.85 - - [30/Oct/2021:18:54:38 +0000] "GET /Home.html HTTP/1.0" 200 354 "-" "Mozilla/5.0 (Windows NT 10.0; Win64; x64) AppleWebKit/537.36 (KHTML, like Gecko) Chrome/95.0.4638.54 Safari/537.36"
63.35.182.94 - - [30/Oct/2021:18:58:07 +0000] "GET / HTTP/1.0" 200 341 "-" "Mozilla/5.0 (X11; Linux x86_64) AppleWebKit/537.36 (KHTML, like Gecko) HeadlessChrome/78.0.3882.0 Safari/537.36"
187.69.102.85 - - [30/Oct/2021:19:01:15 +0000] "GET / HTTP/1.0" 200 1733 "-" "Mozilla/5.0 (Windows NT 10.0; Win64; x64) AppleWebKit/537.36 (KHTML, like Gecko) Chrome/95.0.4638.54 Safari/537.36"
187.69.102.85 - - [30/Oct/2021:19:01:20 +0000] "GET / HTTP/1.0" 200 341 "-" "Mozilla/5.0 (Windows NT 10.0; Win64; x64) AppleWebKit/537.36 (KHTML, like Gecko) Chrome/95.0.4638.54 Safari/537.36"
187.69.102.85 - - [30/Oct/2021:19:01:32 +0000] "GET / HTTP/1.0" 200 341 "-" "Mozilla/5.0 (Windows NT 10.0; Win64; x64) AppleWebKit/537.36 (KHTML, like Gecko) Chrome/95.0.4638.54 Safari/537.36"
187.69.102.85 - - [30/Oct/2021:19:03:47 +0000] "GET / HTTP/1.0" 200 341 "-" "Mozilla/5.0 (Windows NT 10.0; Win64; x64) AppleWebKit/537.36 (KHTML, like Gecko) Chrome/95.0.4638.54 Safari/537.36"
195.214.233.8 - - [30/Oct/2021:19:10:04 +0000] "GET /test.html HTTP/1.0" 200 1940 "-" "Mozilla/5.0 (Windows NT 6.3; Win64; x64) AppleWebKit/537.36 (KHTML, like Gecko) Chrome/95.0.4638.54 Safari/537.36"
3.230.148.205 - - [30/Oct/2021:19:10:18 +0000] "GET /test.html HTTP/1.0" 206 604 "-" "Slackbot-LinkExpanding 1.0 (+https://api.slack.com/robots)"
34.230.73.237 - - [30/Oct/2021:19:10:19 +0000] "GET /favicon.ico HTTP/1.0" 404 1245 "-" "Slackbot 1.0 (+https://api.slack.com/robots)"
54.80.7.150 - - [30/Oct/2021:19:10:24 +0000] "GET /favicon.ico HTTP/1.0" 404 1217 "-" "Slackbot 1.0 (+https://api.slack.com/robots)"
195.214.233.8 - - [30/Oct/2021:19:11:44 +0000] "GET / HTTP/1.0" 200 354 "-" "Mozilla/5.0 (Windows NT 6.3; Win64; x64) AppleWebKit/537.36 (KHTML, like Gecko) Chrome/95.0.4638.54 Safari/537.36"
195.214.233.8 - - [30/Oct/2021:19:11:44 +0000] "GET /favicon.ico HTTP/1.0" 404 1217 "https://harmonypay.io/" "Mozilla/5.0 (Windows NT 6.3; Win64; x64) AppleWebKit/537.36 (KHTML, like Gecko) Chrome/95.0.4638.54 Safari/537.36"
195.214.233.8 - - [30/Oct/2021:19:11:53 +0000] "GET / HTTP/1.0" 200 341 "-" "Mozilla/5.0 (Windows NT 6.3; Win64; x64) AppleWebKit/537.36 (KHTML, like Gecko) Chrome/95.0.4638.54 Safari/537.36"
195.214.233.8 - - [30/Oct/2021:19:11:53 +0000] "GET /favicon.ico HTTP/1.0" 404 1217 "https://harmonypay.io/" "Mozilla/5.0 (Windows NT 6.3; Win64; x64) AppleWebKit/537.36 (KHTML, like Gecko) Chrome/95.0.4638.54 Safari/537.36"
195.214.233.8 - - [30/Oct/2021:19:11:55 +0000] "GET / HTTP/1.0" 200 341 "-" "Mozilla/5.0 (Windows NT 6.3; Win64; x64) AppleWebKit/537.36 (KHTML, like Gecko) Chrome/95.0.4638.54 Safari/537.36"
195.214.233.8 - - [30/Oct/2021:19:11:56 +0000] "GET /favicon.ico HTTP/1.0" 404 1217 "https://harmonypay.io/" "Mozilla/5.0 (Windows NT 6.3; Win64; x64) AppleWebKit/537.36 (KHTML, like Gecko) Chrome/95.0.4638.54 Safari/537.36"
195.214.233.8 - - [30/Oct/2021:19:11:58 +0000] "GET / HTTP/1.0" 200 341 "-" "Mozilla/5.0 (Windows NT 6.3; Win64; x64) AppleWebKit/537.36 (KHTML, like Gecko) Chrome/95.0.4638.54 Safari/537.36"
195.214.233.8 - - [30/Oct/2021:19:11:58 +0000] "GET /favicon.ico HTTP/1.0" 404 1217 "https://harmonypay.io/" "Mozilla/5.0 (Windows NT 6.3; Win64; x64) AppleWebKit/537.36 (KHTML, like Gecko) Chrome/95.0.4638.54 Safari/537.36"
195.214.233.8 - - [30/Oct/2021:19:11:59 +0000] "GET / HTTP/1.0" 200 341 "-" "Mozilla/5.0 (Windows NT 6.3; Win64; x64) AppleWebKit/537.36 (KHTML, like Gecko) Chrome/95.0.4638.54 Safari/537.36"
195.214.233.8 - - [30/Oct/2021:19:11:59 +0000] "GET /favicon.ico HTTP/1.0" 404 1217 "https://harmonypay.io/" "Mozilla/5.0 (Windows NT 6.3; Win64; x64) AppleWebKit/537.36 (KHTML, like Gecko) Chrome/95.0.4638.54 Safari/537.36"
195.214.233.8 - - [30/Oct/2021:19:11:59 +0000] "GET / HTTP/1.0" 200 341 "-" "Mozilla/5.0 (Windows NT 6.3; Win64; x64) AppleWebKit/537.36 (KHTML, like Gecko) Chrome/95.0.4638.54 Safari/537.36"
195.214.233.8 - - [30/Oct/2021:19:11:59 +0000] "GET /favicon.ico HTTP/1.0" 404 1217 "https://harmonypay.io/" "Mozilla/5.0 (Windows NT 6.3; Win64; x64) AppleWebKit/537.36 (KHTML, like Gecko) Chrome/95.0.4638.54 Safari/537.36"
195.214.233.8 - - [30/Oct/2021:19:11:59 +0000] "GET / HTTP/1.0" 200 341 "-" "Mozilla/5.0 (Windows NT 6.3; Win64; x64) AppleWebKit/537.36 (KHTML, like Gecko) Chrome/95.0.4638.54 Safari/537.36"
195.214.233.8 - - [30/Oct/2021:19:11:59 +0000] "GET /favicon.ico HTTP/1.0" 404 1217 "https://harmonypay.io/" "Mozilla/5.0 (Windows NT 6.3; Win64; x64) AppleWebKit/537.36 (KHTML, like Gecko) Chrome/95.0.4638.54 Safari/537.36"
195.214.233.8 - - [30/Oct/2021:19:11:59 +0000] "GET / HTTP/1.0" 200 341 "-" "Mozilla/5.0 (Windows NT 6.3; Win64; x64) AppleWebKit/537.36 (KHTML, like Gecko) Chrome/95.0.4638.54 Safari/537.36"
195.214.233.8 - - [30/Oct/2021:19:11:59 +0000] "GET /favicon.ico HTTP/1.0" 404 1217 "https://harmonypay.io/" "Mozilla/5.0 (Windows NT 6.3; Win64; x64) AppleWebKit/537.36 (KHTML, like Gecko) Chrome/95.0.4638.54 Safari/537.36"
195.214.233.8 - - [30/Oct/2021:19:11:59 +0000] "GET / HTTP/1.0" 200 341 "-" "Mozilla/5.0 (Windows NT 6.3; Win64; x64) AppleWebKit/537.36 (KHTML, like Gecko) Chrome/95.0.4638.54 Safari/537.36"
195.214.233.8 - - [30/Oct/2021:19:11:59 +0000] "GET /favicon.ico HTTP/1.0" 404 1217 "https://harmonypay.io/" "Mozilla/5.0 (Windows NT 6.3; Win64; x64) AppleWebKit/537.36 (KHTML, like Gecko) Chrome/95.0.4638.54 Safari/537.36"
195.214.233.8 - - [30/Oct/2021:19:11:59 +0000] "GET / HTTP/1.0" 200 341 "-" "Mozilla/5.0 (Windows NT 6.3; Win64; x64) AppleWebKit/537.36 (KHTML, like Gecko) Chrome/95.0.4638.54 Safari/537.36"
195.214.233.8 - - [30/Oct/2021:19:12:00 +0000] "GET /favicon.ico HTTP/1.0" 404 1217 "https://harmonypay.io/" "Mozilla/5.0 (Windows NT 6.3; Win64; x64) AppleWebKit/537.36 (KHTML, like Gecko) Chrome/95.0.4638.54 Safari/537.36"
195.214.233.8 - - [30/Oct/2021:19:12:55 +0000] "GET / HTTP/1.0" 200 341 "-" "Mozilla/5.0 (Windows NT 6.3; Win64; x64) AppleWebKit/537.36 (KHTML, like Gecko) Chrome/95.0.4638.54 Safari/537.36"
195.214.233.8 - - [30/Oct/2021:19:12:55 +0000] "GET /favicon.ico HTTP/1.0" 404 1217 "https://harmonypay.io/" "Mozilla/5.0 (Windows NT 6.3; Win64; x64) AppleWebKit/537.36 (KHTML, like Gecko) Chrome/95.0.4638.54 Safari/537.36"
187.69.102.85 - - [30/Oct/2021:19:13:03 +0000] "GET / HTTP/1.0" 200 341 "-" "Mozilla/5.0 (Windows NT 10.0; Win64; x64) AppleWebKit/537.36 (KHTML, like Gecko) Chrome/95.0.4638.54 Safari/537.36"
195.214.233.8 - - [30/Oct/2021:19:13:39 +0000] "GET / HTTP/1.0" 200 341 "-" "Mozilla/5.0 (Windows NT 6.3; Win64; x64) AppleWebKit/537.36 (KHTML, like Gecko) Chrome/95.0.4638.54 Safari/537.36"
195.214.233.8 - - [30/Oct/2021:19:13:39 +0000] "GET /favicon.ico HTTP/1.0" 404 1217 "https://harmonypay.io/" "Mozilla/5.0 (Windows NT 6.3; Win64; x64) AppleWebKit/537.36 (KHTML, like Gecko) Chrome/95.0.4638.54 Safari/537.36"
195.214.233.8 - - [30/Oct/2021:19:15:03 +0000] "GET /index.html HTTP/1.0" 200 354 "-" "Mozilla/5.0 (Windows NT 6.3; Win64; x64) AppleWebKit/537.36 (KHTML, like Gecko) Chrome/95.0.4638.54 Safari/537.36"
195.214.233.8 - - [30/Oct/2021:19:15:39 +0000] "GET / HTTP/1.0" 200 1720 "-" "Mozilla/5.0 (Windows NT 6.3; Win64; x64) AppleWebKit/537.36 (KHTML, like Gecko) Chrome/95.0.4638.54 Safari/537.36"
195.214.233.8 - - [30/Oct/2021:19:16:36 +0000] "GET /tst.html HTTP/1.0" 404 1245 "-" "Mozilla/5.0 (Windows NT 6.3; Win64; x64) AppleWebKit/537.36 (KHTML, like Gecko) Chrome/95.0.4638.54 Safari/537.36"
195.214.233.8 - - [30/Oct/2021:19:16:40 +0000] "GET /test.html HTTP/1.0" 200 561 "-" "Mozilla/5.0 (Windows NT 6.3; Win64; x64) AppleWebKit/537.36 (KHTML, like Gecko) Chrome/95.0.4638.54 Safari/537.36"
195.214.233.8 - - [30/Oct/2021:19:16:43 +0000] "GET /tst.html HTTP/1.0" 404 1217 "-" "Mozilla/5.0 (Windows NT 6.3; Win64; x64) AppleWebKit/537.36 (KHTML, like Gecko) Chrome/95.0.4638.54 Safari/537.36"
195.214.233.8 - - [30/Oct/2021:19:16:52 +0000] "GET /index.html HTTP/1.0" 200 341 "-" "Mozilla/5.0 (Windows NT 6.3; Win64; x64) AppleWebKit/537.36 (KHTML, like Gecko) Chrome/95.0.4638.54 Safari/537.36"
195.214.233.8 - - [30/Oct/2021:19:17:23 +0000] "GET /index.html HTTP/1.0" 200 341 "-" "Mozilla/5.0 (Windows NT 6.3; Win64; x64) AppleWebKit/537.36 (KHTML, like Gecko) Chrome/95.0.4638.54 Safari/537.36"
195.214.233.8 - - [30/Oct/2021:19:17:23 +0000] "GET /favicon.ico HTTP/1.0" 404 1245 "https://harmonypay.io/index.html" "Mozilla/5.0 (Windows NT 6.3; Win64; x64) AppleWebKit/537.36 (KHTML, like Gecko) Chrome/95.0.4638.54 Safari/537.36"
195.214.233.8 - - [30/Oct/2021:19:17:24 +0000] "GET /index.html HTTP/1.0" 200 341 "-" "Mozilla/5.0 (Windows NT 6.3; Win64; x64) AppleWebKit/537.36 (KHTML, like Gecko) Chrome/95.0.4638.54 Safari/537.36"
195.214.233.8 - - [30/Oct/2021:19:17:24 +0000] "GET /favicon.ico HTTP/1.0" 404 1217 "https://harmonypay.io/index.html" "Mozilla/5.0 (Windows NT 6.3; Win64; x64) AppleWebKit/537.36 (KHTML, like Gecko) Chrome/95.0.4638.54 Safari/537.36"
195.214.233.8 - - [30/Oct/2021:19:17:24 +0000] "GET /index.html HTTP/1.0" 200 341 "-" "Mozilla/5.0 (Windows NT 6.3; Win64; x64) AppleWebKit/537.36 (KHTML, like Gecko) Chrome/95.0.4638.54 Safari/537.36"
195.214.233.8 - - [30/Oct/2021:19:17:25 +0000] "GET /favicon.ico HTTP/1.0" 404 1217 "https://harmonypay.io/index.html" "Mozilla/5.0 (Windows NT 6.3; Win64; x64) AppleWebKit/537.36 (KHTML, like Gecko) Chrome/95.0.4638.54 Safari/537.36"
195.214.233.8 - - [30/Oct/2021:19:17:25 +0000] "GET /index.html HTTP/1.0" 200 341 "-" "Mozilla/5.0 (Windows NT 6.3; Win64; x64) AppleWebKit/537.36 (KHTML, like Gecko) Chrome/95.0.4638.54 Safari/537.36"
195.214.233.8 - - [30/Oct/2021:19:17:25 +0000] "GET /favicon.ico HTTP/1.0" 404 1217 "https://harmonypay.io/index.html" "Mozilla/5.0 (Windows NT 6.3; Win64; x64) AppleWebKit/537.36 (KHTML, like Gecko) Chrome/95.0.4638.54 Safari/537.36"
195.214.233.8 - - [30/Oct/2021:19:17:25 +0000] "GET /index.html HTTP/1.0" 200 341 "-" "Mozilla/5.0 (Windows NT 6.3; Win64; x64) AppleWebKit/537.36 (KHTML, like Gecko) Chrome/95.0.4638.54 Safari/537.36"
195.214.233.8 - - [30/Oct/2021:19:17:25 +0000] "GET /favicon.ico HTTP/1.0" 404 1217 "https://harmonypay.io/index.html" "Mozilla/5.0 (Windows NT 6.3; Win64; x64) AppleWebKit/537.36 (KHTML, like Gecko) Chrome/95.0.4638.54 Safari/537.36"
195.214.233.8 - - [30/Oct/2021:19:17:25 +0000] "GET /index.html HTTP/1.0" 200 341 "-" "Mozilla/5.0 (Windows NT 6.3; Win64; x64) AppleWebKit/537.36 (KHTML, like Gecko) Chrome/95.0.4638.54 Safari/537.36"
195.214.233.8 - - [30/Oct/2021:19:17:25 +0000] "GET /favicon.ico HTTP/1.0" 404 1217 "https://harmonypay.io/index.html" "Mozilla/5.0 (Windows NT 6.3; Win64; x64) AppleWebKit/537.36 (KHTML, like Gecko) Chrome/95.0.4638.54 Safari/537.36"
195.214.233.8 - - [30/Oct/2021:19:17:25 +0000] "GET /index.html HTTP/1.0" 200 341 "-" "Mozilla/5.0 (Windows NT 6.3; Win64; x64) AppleWebKit/537.36 (KHTML, like Gecko) Chrome/95.0.4638.54 Safari/537.36"
195.214.233.8 - - [30/Oct/2021:19:17:25 +0000] "GET /favicon.ico HTTP/1.0" 404 1217 "https://harmonypay.io/index.html" "Mozilla/5.0 (Windows NT 6.3; Win64; x64) AppleWebKit/537.36 (KHTML, like Gecko) Chrome/95.0.4638.54 Safari/537.36"
195.214.233.8 - - [30/Oct/2021:19:17:25 +0000] "GET /index.html HTTP/1.0" 200 341 "-" "Mozilla/5.0 (Windows NT 6.3; Win64; x64) AppleWebKit/537.36 (KHTML, like Gecko) Chrome/95.0.4638.54 Safari/537.36"
195.214.233.8 - - [30/Oct/2021:19:17:25 +0000] "GET /favicon.ico HTTP/1.0" 404 1217 "https://harmonypay.io/index.html" "Mozilla/5.0 (Windows NT 6.3; Win64; x64) AppleWebKit/537.36 (KHTML, like Gecko) Chrome/95.0.4638.54 Safari/537.36"
195.214.233.8 - - [30/Oct/2021:19:17:26 +0000] "GET /index.html HTTP/1.0" 200 341 "-" "Mozilla/5.0 (Windows NT 6.3; Win64; x64) AppleWebKit/537.36 (KHTML, like Gecko) Chrome/95.0.4638.54 Safari/537.36"
195.214.233.8 - - [30/Oct/2021:19:17:26 +0000] "GET /favicon.ico HTTP/1.0" 404 1217 "https://harmonypay.io/index.html" "Mozilla/5.0 (Windows NT 6.3; Win64; x64) AppleWebKit/537.36 (KHTML, like Gecko) Chrome/95.0.4638.54 Safari/537.36"
195.214.233.8 - - [30/Oct/2021:19:17:26 +0000] "GET /index.html HTTP/1.0" 200 341 "-" "Mozilla/5.0 (Windows NT 6.3; Win64; x64) AppleWebKit/537.36 (KHTML, like Gecko) Chrome/95.0.4638.54 Safari/537.36"
195.214.233.8 - - [30/Oct/2021:19:17:26 +0000] "GET /favicon.ico HTTP/1.0" 404 1217 "https://harmonypay.io/index.html" "Mozilla/5.0 (Windows NT 6.3; Win64; x64) AppleWebKit/537.36 (KHTML, like Gecko) Chrome/95.0.4638.54 Safari/537.36"
195.214.233.8 - - [30/Oct/2021:19:17:26 +0000] "GET /index.html HTTP/1.0" 200 341 "-" "Mozilla/5.0 (Windows NT 6.3; Win64; x64) AppleWebKit/537.36 (KHTML, like Gecko) Chrome/95.0.4638.54 Safari/537.36"
195.214.233.8 - - [30/Oct/2021:19:17:26 +0000] "GET /favicon.ico HTTP/1.0" 404 1217 "https://harmonypay.io/index.html" "Mozilla/5.0 (Windows NT 6.3; Win64; x64) AppleWebKit/537.36 (KHTML, like Gecko) Chrome/95.0.4638.54 Safari/537.36"
195.214.233.8 - - [30/Oct/2021:19:17:26 +0000] "GET /index.html HTTP/1.0" 200 341 "-" "Mozilla/5.0 (Windows NT 6.3; Win64; x64) AppleWebKit/537.36 (KHTML, like Gecko) Chrome/95.0.4638.54 Safari/537.36"
195.214.233.8 - - [30/Oct/2021:19:17:26 +0000] "GET /favicon.ico HTTP/1.0" 404 1217 "https://harmonypay.io/index.html" "Mozilla/5.0 (Windows NT 6.3; Win64; x64) AppleWebKit/537.36 (KHTML, like Gecko) Chrome/95.0.4638.54 Safari/537.36"
195.214.233.8 - - [30/Oct/2021:19:17:43 +0000] "GET /index.html HTTP/1.0" 200 341 "-" "Mozilla/5.0 (Windows NT 6.3; Win64; x64) AppleWebKit/537.36 (KHTML, like Gecko) Chrome/95.0.4638.54 Safari/537.36"
195.214.233.8 - - [30/Oct/2021:19:17:43 +0000] "GET /favicon.ico HTTP/1.0" 404 1217 "https://harmonypay.io/index.html" "Mozilla/5.0 (Windows NT 6.3; Win64; x64) AppleWebKit/537.36 (KHTML, like Gecko) Chrome/95.0.4638.54 Safari/537.36"
195.214.233.8 - - [30/Oct/2021:19:17:44 +0000] "GET /index.html HTTP/1.0" 200 341 "-" "Mozilla/5.0 (Windows NT 6.3; Win64; x64) AppleWebKit/537.36 (KHTML, like Gecko) Chrome/95.0.4638.54 Safari/537.36"
195.214.233.8 - - [30/Oct/2021:19:17:44 +0000] "GET /favicon.ico HTTP/1.0" 404 1217 "https://harmonypay.io/index.html" "Mozilla/5.0 (Windows NT 6.3; Win64; x64) AppleWebKit/537.36 (KHTML, like Gecko) Chrome/95.0.4638.54 Safari/537.36"
195.214.233.8 - - [30/Oct/2021:19:17:44 +0000] "GET /index.html HTTP/1.0" 200 341 "-" "Mozilla/5.0 (Windows NT 6.3; Win64; x64) AppleWebKit/537.36 (KHTML, like Gecko) Chrome/95.0.4638.54 Safari/537.36"
195.214.233.8 - - [30/Oct/2021:19:17:44 +0000] "GET /favicon.ico HTTP/1.0" 404 1217 "https://harmonypay.io/index.html" "Mozilla/5.0 (Windows NT 6.3; Win64; x64) AppleWebKit/537.36 (KHTML, like Gecko) Chrome/95.0.4638.54 Safari/537.36"
195.214.233.8 - - [30/Oct/2021:19:17:44 +0000] "GET /index.html HTTP/1.0" 200 341 "-" "Mozilla/5.0 (Windows NT 6.3; Win64; x64) AppleWebKit/537.36 (KHTML, like Gecko) Chrome/95.0.4638.54 Safari/537.36"
195.214.233.8 - - [30/Oct/2021:19:17:44 +0000] "GET /favicon.ico HTTP/1.0" 404 1217 "https://harmonypay.io/index.html" "Mozilla/5.0 (Windows NT 6.3; Win64; x64) AppleWebKit/537.36 (KHTML, like Gecko) Chrome/95.0.4638.54 Safari/537.36"
195.214.233.8 - - [30/Oct/2021:19:17:45 +0000] "GET /index.html HTTP/1.0" 200 341 "-" "Mozilla/5.0 (Windows NT 6.3; Win64; x64) AppleWebKit/537.36 (KHTML, like Gecko) Chrome/95.0.4638.54 Safari/537.36"
195.214.233.8 - - [30/Oct/2021:19:17:45 +0000] "GET /favicon.ico HTTP/1.0" 404 1217 "https://harmonypay.io/index.html" "Mozilla/5.0 (Windows NT 6.3; Win64; x64) AppleWebKit/537.36 (KHTML, like Gecko) Chrome/95.0.4638.54 Safari/537.36"
195.214.233.8 - - [30/Oct/2021:19:17:45 +0000] "GET /index.html HTTP/1.0" 200 341 "-" "Mozilla/5.0 (Windows NT 6.3; Win64; x64) AppleWebKit/537.36 (KHTML, like Gecko) Chrome/95.0.4638.54 Safari/537.36"
195.214.233.8 - - [30/Oct/2021:19:17:45 +0000] "GET /favicon.ico HTTP/1.0" 404 1217 "https://harmonypay.io/index.html" "Mozilla/5.0 (Windows NT 6.3; Win64; x64) AppleWebKit/537.36 (KHTML, like Gecko) Chrome/95.0.4638.54 Safari/537.36"
195.214.233.8 - - [30/Oct/2021:19:17:45 +0000] "GET /index.html HTTP/1.0" 200 341 "-" "Mozilla/5.0 (Windows NT 6.3; Win64; x64) AppleWebKit/537.36 (KHTML, like Gecko) Chrome/95.0.4638.54 Safari/537.36"
195.214.233.8 - - [30/Oct/2021:19:17:45 +0000] "GET /favicon.ico HTTP/1.0" 404 1217 "https://harmonypay.io/index.html" "Mozilla/5.0 (Windows NT 6.3; Win64; x64) AppleWebKit/537.36 (KHTML, like Gecko) Chrome/95.0.4638.54 Safari/537.36"
195.214.233.8 - - [30/Oct/2021:19:17:45 +0000] "GET /index.html HTTP/1.0" 200 341 "-" "Mozilla/5.0 (Windows NT 6.3; Win64; x64) AppleWebKit/537.36 (KHTML, like Gecko) Chrome/95.0.4638.54 Safari/537.36"
195.214.233.8 - - [30/Oct/2021:19:17:45 +0000] "GET /index.html HTTP/1.0" 200 341 "-" "Mozilla/5.0 (Windows NT 6.3; Win64; x64) AppleWebKit/537.36 (KHTML, like Gecko) Chrome/95.0.4638.54 Safari/537.36"
195.214.233.8 - - [30/Oct/2021:19:17:45 +0000] "GET /favicon.ico HTTP/1.0" 404 1217 "https://harmonypay.io/index.html" "Mozilla/5.0 (Windows NT 6.3; Win64; x64) AppleWebKit/537.36 (KHTML, like Gecko) Chrome/95.0.4638.54 Safari/537.36"
195.214.233.8 - - [30/Oct/2021:19:17:45 +0000] "GET /index.html HTTP/1.0" 200 341 "-" "Mozilla/5.0 (Windows NT 6.3; Win64; x64) AppleWebKit/537.36 (KHTML, like Gecko) Chrome/95.0.4638.54 Safari/537.36"
195.214.233.8 - - [30/Oct/2021:19:17:45 +0000] "GET /favicon.ico HTTP/1.0" 404 1217 "https://harmonypay.io/index.html" "Mozilla/5.0 (Windows NT 6.3; Win64; x64) AppleWebKit/537.36 (KHTML, like Gecko) Chrome/95.0.4638.54 Safari/537.36"
195.214.233.8 - - [30/Oct/2021:19:17:45 +0000] "GET /index.html HTTP/1.0" 200 341 "-" "Mozilla/5.0 (Windows NT 6.3; Win64; x64) AppleWebKit/537.36 (KHTML, like Gecko) Chrome/95.0.4638.54 Safari/537.36"
195.214.233.8 - - [30/Oct/2021:19:18:31 +0000] "GET /index.html HTTP/1.0" 200 341 "-" "Mozilla/5.0 (Windows NT 6.3; Win64; x64) AppleWebKit/537.36 (KHTML, like Gecko) Chrome/95.0.4638.54 Safari/537.36"
195.214.233.8 - - [30/Oct/2021:19:18:31 +0000] "GET /favicon.ico HTTP/1.0" 404 1217 "https://harmonypay.io/index.html" "Mozilla/5.0 (Windows NT 6.3; Win64; x64) AppleWebKit/537.36 (KHTML, like Gecko) Chrome/95.0.4638.54 Safari/537.36"
195.214.233.8 - - [30/Oct/2021:19:19:13 +0000] "GET /index.html HTTP/1.0" 200 341 "-" "Mozilla/5.0 (Windows NT 6.3; Win64; x64) AppleWebKit/537.36 (KHTML, like Gecko) Chrome/95.0.4638.54 Safari/537.36"
195.214.233.8 - - [30/Oct/2021:19:19:13 +0000] "GET /favicon.ico HTTP/1.0" 404 1217 "https://harmonypay.io/index.html" "Mozilla/5.0 (Windows NT 6.3; Win64; x64) AppleWebKit/537.36 (KHTML, like Gecko) Chrome/95.0.4638.54 Safari/537.36"
195.214.233.8 - - [30/Oct/2021:19:19:48 +0000] "GET /index.html HTTP/1.0" 200 341 "-" "Mozilla/5.0 (Windows NT 6.3; Win64; x64) AppleWebKit/537.36 (KHTML, like Gecko) Chrome/95.0.4638.54 Safari/537.36"
195.214.233.8 - - [30/Oct/2021:19:19:48 +0000] "GET /favicon.ico HTTP/1.0" 404 1217 "https://harmonypay.io/index.html" "Mozilla/5.0 (Windows NT 6.3; Win64; x64) AppleWebKit/537.36 (KHTML, like Gecko) Chrome/95.0.4638.54 Safari/537.36"
195.214.233.8 - - [30/Oct/2021:19:20:05 +0000] "GET /index.html HTTP/1.0" 200 354 "-" "Mozilla/5.0 (Windows NT 6.3; Win64; x64) AppleWebKit/537.36 (KHTML, like Gecko) Chrome/95.0.4638.54 Safari/537.36"
195.214.233.8 - - [30/Oct/2021:19:20:06 +0000] "GET /favicon.ico HTTP/1.0" 404 1217 "https://harmonypay.io/index.html" "Mozilla/5.0 (Windows NT 6.3; Win64; x64) AppleWebKit/537.36 (KHTML, like Gecko) Chrome/95.0.4638.54 Safari/537.36"
195.214.233.8 - - [30/Oct/2021:19:20:31 +0000] "GET /index.html HTTP/1.0" 200 341 "-" "Mozilla/5.0 (Windows NT 6.3; Win64; x64) AppleWebKit/537.36 (KHTML, like Gecko) Chrome/95.0.4638.54 Safari/537.36"
195.214.233.8 - - [30/Oct/2021:19:20:31 +0000] "GET /favicon.ico HTTP/1.0" 404 1217 "https://harmonypay.io/index.html" "Mozilla/5.0 (Windows NT 6.3; Win64; x64) AppleWebKit/537.36 (KHTML, like Gecko) Chrome/95.0.4638.54 Safari/537.36"
195.214.233.8 - - [30/Oct/2021:19:21:02 +0000] "GET /index.html HTTP/1.0" 200 1720 "-" "Mozilla/5.0 (Windows NT 6.3; Win64; x64) AppleWebKit/537.36 (KHTML, like Gecko) Chrome/95.0.4638.54 Safari/537.36"
195.214.233.8 - - [30/Oct/2021:19:21:02 +0000] "GET /favicon.ico HTTP/1.0" 404 1217 "https://harmonypay.io/index.html" "Mozilla/5.0 (Windows NT 6.3; Win64; x64) AppleWebKit/537.36 (KHTML, like Gecko) Chrome/95.0.4638.54 Safari/537.36"
195.214.233.8 - - [30/Oct/2021:19:21:04 +0000] "GET /index.html HTTP/1.0" 200 341 "-" "Mozilla/5.0 (Windows NT 6.3; Win64; x64) AppleWebKit/537.36 (KHTML, like Gecko) Chrome/95.0.4638.54 Safari/537.36"
195.214.233.8 - - [30/Oct/2021:19:21:04 +0000] "GET /favicon.ico HTTP/1.0" 404 1217 "https://harmonypay.io/index.html" "Mozilla/5.0 (Windows NT 6.3; Win64; x64) AppleWebKit/537.36 (KHTML, like Gecko) Chrome/95.0.4638.54 Safari/537.36"
195.214.233.8 - - [30/Oct/2021:19:21:04 +0000] "GET /index.html HTTP/1.0" 200 341 "-" "Mozilla/5.0 (Windows NT 6.3; Win64; x64) AppleWebKit/537.36 (KHTML, like Gecko) Chrome/95.0.4638.54 Safari/537.36"
195.214.233.8 - - [30/Oct/2021:19:21:04 +0000] "GET /favicon.ico HTTP/1.0" 404 1217 "https://harmonypay.io/index.html" "Mozilla/5.0 (Windows NT 6.3; Win64; x64) AppleWebKit/537.36 (KHTML, like Gecko) Chrome/95.0.4638.54 Safari/537.36"
195.214.233.8 - - [30/Oct/2021:19:22:42 +0000] "GET /index.html HTTP/1.0" 200 341 "-" "Mozilla/5.0 (Windows NT 6.3; Win64; x64) AppleWebKit/537.36 (KHTML, like Gecko) Chrome/95.0.4638.54 Safari/537.36"
195.214.233.8 - - [30/Oct/2021:19:22:42 +0000] "GET /favicon.ico HTTP/1.0" 404 1245 "https://harmonypay.io/index.html" "Mozilla/5.0 (Windows NT 6.3; Win64; x64) AppleWebKit/537.36 (KHTML, like Gecko) Chrome/95.0.4638.54 Safari/537.36"
195.214.233.8 - - [30/Oct/2021:19:25:43 +0000] "GET /favicon.ico HTTP/1.0" 404 2596 "https://harmonypay.io/index.html" "Mozilla/5.0 (Windows NT 6.3; Win64; x64) AppleWebKit/537.36 (KHTML, like Gecko) Chrome/95.0.4638.54 Safari/537.36"
77.68.121.132 - - [30/Oct/2021:19:28:44 +0000] "GET /nicepage.css HTTP/1.1" 200 1153686 "https://harmonypay.io/" "Serf/1.3.9 (mod_pagespeed/1.13.35.2-0)"
195.214.233.8 - - [30/Oct/2021:19:28:44 +0000] "GET / HTTP/1.0" 200 6164 "https://77.68.121.132:8443/" "Mozilla/5.0 (Windows NT 6.3; Win64; x64) AppleWebKit/537.36 (KHTML, like Gecko) Chrome/95.0.4638.54 Safari/537.36"
77.68.121.132 - - [30/Oct/2021:19:28:44 +0000] "GET /Home.css HTTP/1.1" 200 23147 "https://harmonypay.io/" "Serf/1.3.9 (mod_pagespeed/1.13.35.2-0)"
77.68.121.132 - - [30/Oct/2021:19:28:44 +0000] "GET /jquery.js HTTP/1.1" 200 94634 "https://harmonypay.io/" "Serf/1.3.9 (mod_pagespeed/1.13.35.2-0)"
77.68.121.132 - - [30/Oct/2021:19:28:44 +0000] "GET /nicepage.js HTTP/1.1" 200 169305 "https://harmonypay.io/" "Serf/1.3.9 (mod_pagespeed/1.13.35.2-0)"
77.68.121.132 - - [30/Oct/2021:19:28:44 +0000] "GET /images/pexels-photo-2425025.jpeg HTTP/1.1" 200 81656 "https://harmonypay.io/" "Serf/1.3.9 (mod_pagespeed/1.13.35.2-0)"
77.68.121.132 - - [30/Oct/2021:19:28:44 +0000] "GET /images/pexels-photo-6995703.jpeg HTTP/1.1" 200 103158 "https://harmonypay.io/" "Serf/1.3.9 (mod_pagespeed/1.13.35.2-0)"
77.68.121.132 - - [30/Oct/2021:19:28:44 +0000] "GET /images/pexels-photo-2876090.jpeg HTTP/1.1" 200 100596 "https://harmonypay.io/" "Serf/1.3.9 (mod_pagespeed/1.13.35.2-0)"
77.68.121.132 - - [30/Oct/2021:19:28:44 +0000] "GET /images/pexels-photo-3331837.jpeg HTTP/1.1" 200 87934 "https://harmonypay.io/" "Serf/1.3.9 (mod_pagespeed/1.13.35.2-0)"
77.68.121.132 - - [30/Oct/2021:19:28:44 +0000] "GET /images/pexels-photo-5803334.jpeg HTTP/1.1" 200 89096 "https://harmonypay.io/" "Serf/1.3.9 (mod_pagespeed/1.13.35.2-0)"
195.214.233.8 - - [30/Oct/2021:19:28:45 +0000] "POST /mod_pagespeed_beacon?url=https%3A%2F%2Fharmonypay.io%2F HTTP/1.0" 204 305 "https://harmonypay.io/" "Mozilla/5.0 (Windows NT 6.3; Win64; x64) AppleWebKit/537.36 (KHTML, like Gecko) Chrome/95.0.4638.54 Safari/537.36"
77.68.121.132 - - [30/Oct/2021:20:03:12 +0000] "GET /nicepage.css HTTP/1.1" 304 4843 "https://harmonypay.io/" "Serf/1.3.9 (mod_pagespeed/1.13.35.2-0)"
213.171.217.107 - - [30/Oct/2021:20:03:12 +0000] "GET / HTTP/1.0" 200 7543 "-" "Mozilla/5.0 (Windows NT 10.0; Win64; x64) AppleWebKit/537.36 (KHTML, like Gecko) Chrome/94.0.4606.61 Safari/537.36"
77.68.121.132 - - [30/Oct/2021:20:03:12 +0000] "GET /Home.css HTTP/1.1" 304 4841 "https://harmonypay.io/" "Serf/1.3.9 (mod_pagespeed/1.13.35.2-0)"
77.68.121.132 - - [30/Oct/2021:20:03:12 +0000] "GET /jquery.js HTTP/1.1" 304 4842 "https://harmonypay.io/" "Serf/1.3.9 (mod_pagespeed/1.13.35.2-0)"
77.68.121.132 - - [30/Oct/2021:20:03:12 +0000] "GET /nicepage.js HTTP/1.1" 304 4842 "https://harmonypay.io/" "Serf/1.3.9 (mod_pagespeed/1.13.35.2-0)"
77.68.121.132 - - [30/Oct/2021:20:03:12 +0000] "GET /images/pexels-photo-2425025.jpeg HTTP/1.1" 304 4842 "https://harmonypay.io/" "Serf/1.3.9 (mod_pagespeed/1.13.35.2-0)"
77.68.121.132 - - [30/Oct/2021:20:03:12 +0000] "GET /images/pexels-photo-6995703.jpeg HTTP/1.1" 304 4842 "https://harmonypay.io/" "Serf/1.3.9 (mod_pagespeed/1.13.35.2-0)"
77.68.121.132 - - [30/Oct/2021:20:03:12 +0000] "GET /images/pexels-photo-2876090.jpeg HTTP/1.1" 304 4842 "https://harmonypay.io/" "Serf/1.3.9 (mod_pagespeed/1.13.35.2-0)"
77.68.121.132 - - [30/Oct/2021:20:03:12 +0000] "GET /images/pexels-photo-3331837.jpeg HTTP/1.1" 304 4842 "https://harmonypay.io/" "Serf/1.3.9 (mod_pagespeed/1.13.35.2-0)"
77.68.121.132 - - [30/Oct/2021:20:03:12 +0000] "GET /images/pexels-photo-5803334.jpeg HTTP/1.1" 304 4842 "https://harmonypay.io/" "Serf/1.3.9 (mod_pagespeed/1.13.35.2-0)"
213.171.217.107 - - [30/Oct/2021:20:03:12 +0000] "GET /favicon.ico HTTP/1.0" 404 1245 "https://harmonypay.io/" "Mozilla/5.0 (Windows NT 10.0; Win64; x64) AppleWebKit/537.36 (KHTML, like Gecko) Chrome/94.0.4606.61 Safari/537.36"
213.171.217.107 - - [30/Oct/2021:20:03:12 +0000] "POST /mod_pagespeed_beacon?url=https%3A%2F%2Fharmonypay.io%2F HTTP/1.0" 204 305 "https://harmonypay.io/" "Mozilla/5.0 (Windows NT 10.0; Win64; x64) AppleWebKit/537.36 (KHTML, like Gecko) Chrome/94.0.4606.61 Safari/537.36"
77.68.121.132 - - [30/Oct/2021:20:46:46 +0000] "GET /nicepage.css HTTP/1.1" 304 4843 "https://harmonypay.io/" "Serf/1.3.9 (mod_pagespeed/1.13.35.2-0)"
187.69.102.85 - - [30/Oct/2021:20:46:46 +0000] "GET / HTTP/1.0" 200 7544 "-" "Mozilla/5.0 (Windows NT 10.0; Win64; x64) AppleWebKit/537.36 (KHTML, like Gecko) Chrome/95.0.4638.54 Safari/537.36"
77.68.121.132 - - [30/Oct/2021:20:46:46 +0000] "GET /Home.css HTTP/1.1" 304 4841 "https://harmonypay.io/" "Serf/1.3.9 (mod_pagespeed/1.13.35.2-0)"
77.68.121.132 - - [30/Oct/2021:20:46:46 +0000] "GET /jquery.js HTTP/1.1" 304 4842 "https://harmonypay.io/" "Serf/1.3.9 (mod_pagespeed/1.13.35.2-0)"
77.68.121.132 - - [30/Oct/2021:20:46:46 +0000] "GET /nicepage.js HTTP/1.1" 304 4842 "https://harmonypay.io/" "Serf/1.3.9 (mod_pagespeed/1.13.35.2-0)"
77.68.121.132 - - [30/Oct/2021:20:46:46 +0000] "GET /images/pexels-photo-2425025.jpeg HTTP/1.1" 304 4842 "https://harmonypay.io/" "Serf/1.3.9 (mod_pagespeed/1.13.35.2-0)"
77.68.121.132 - - [30/Oct/2021:20:46:46 +0000] "GET /images/pexels-photo-6995703.jpeg HTTP/1.1" 304 4842 "https://harmonypay.io/" "Serf/1.3.9 (mod_pagespeed/1.13.35.2-0)"
77.68.121.132 - - [30/Oct/2021:20:46:46 +0000] "GET /images/pexels-photo-2876090.jpeg HTTP/1.1" 304 4842 "https://harmonypay.io/" "Serf/1.3.9 (mod_pagespeed/1.13.35.2-0)"
77.68.121.132 - - [30/Oct/2021:20:46:46 +0000] "GET /images/pexels-photo-3331837.jpeg HTTP/1.1" 304 4842 "https://harmonypay.io/" "Serf/1.3.9 (mod_pagespeed/1.13.35.2-0)"
77.68.121.132 - - [30/Oct/2021:20:46:46 +0000] "GET /images/pexels-photo-5803334.jpeg HTTP/1.1" 304 4842 "https://harmonypay.io/" "Serf/1.3.9 (mod_pagespeed/1.13.35.2-0)"
187.69.102.85 - - [30/Oct/2021:20:46:48 +0000] "POST /mod_pagespeed_beacon?url=https%3A%2F%2Fharmonypay.io%2F HTTP/1.0" 204 305 "https://harmonypay.io/" "Mozilla/5.0 (Windows NT 10.0; Win64; x64) AppleWebKit/537.36 (KHTML, like Gecko) Chrome/95.0.4638.54 Safari/537.36"
77.68.121.132 - - [30/Oct/2021:20:58:42 +0000] "GET /nicepage.css HTTP/1.1" 304 4843 "https://harmonypay.io/" "Serf/1.3.9 (mod_pagespeed/1.13.35.2-0)"
3.249.14.32 - - [30/Oct/2021:20:58:42 +0000] "GET / HTTP/1.0" 200 7544 "-" "Mozilla/5.0 (X11; Linux x86_64) AppleWebKit/537.36 (KHTML, like Gecko) HeadlessChrome/78.0.3882.0 Safari/537.36"
77.68.121.132 - - [30/Oct/2021:20:58:42 +0000] "GET /Home.css HTTP/1.1" 304 4841 "https://harmonypay.io/" "Serf/1.3.9 (mod_pagespeed/1.13.35.2-0)"
77.68.121.132 - - [30/Oct/2021:20:58:42 +0000] "GET /jquery.js HTTP/1.1" 304 4842 "https://harmonypay.io/" "Serf/1.3.9 (mod_pagespeed/1.13.35.2-0)"
77.68.121.132 - - [30/Oct/2021:20:58:42 +0000] "GET /nicepage.js HTTP/1.1" 304 4842 "https://harmonypay.io/" "Serf/1.3.9 (mod_pagespeed/1.13.35.2-0)"
77.68.121.132 - - [30/Oct/2021:20:58:42 +0000] "GET /images/pexels-photo-2425025.jpeg HTTP/1.1" 304 4842 "https://harmonypay.io/" "Serf/1.3.9 (mod_pagespeed/1.13.35.2-0)"
77.68.121.132 - - [30/Oct/2021:20:58:42 +0000] "GET /images/pexels-photo-6995703.jpeg HTTP/1.1" 304 4842 "https://harmonypay.io/" "Serf/1.3.9 (mod_pagespeed/1.13.35.2-0)"
77.68.121.132 - - [30/Oct/2021:20:58:42 +0000] "GET /images/pexels-photo-2876090.jpeg HTTP/1.1" 304 4842 "https://harmonypay.io/" "Serf/1.3.9 (mod_pagespeed/1.13.35.2-0)"
77.68.121.132 - - [30/Oct/2021:20:58:42 +0000] "GET /images/pexels-photo-3331837.jpeg HTTP/1.1" 304 4842 "https://harmonypay.io/" "Serf/1.3.9 (mod_pagespeed/1.13.35.2-0)"
77.68.121.132 - - [30/Oct/2021:20:58:42 +0000] "GET /images/pexels-photo-5803334.jpeg HTTP/1.1" 304 4842 "https://harmonypay.io/" "Serf/1.3.9 (mod_pagespeed/1.13.35.2-0)"
3.249.14.32 - - [30/Oct/2021:20:58:42 +0000] "POST /mod_pagespeed_beacon?url=https%3A%2F%2Fharmonypay.io%2F HTTP/1.0" 204 305 "https://harmonypay.io/" "Mozilla/5.0 (X11; Linux x86_64) AppleWebKit/537.36 (KHTML, like Gecko) HeadlessChrome/78.0.3882.0 Safari/537.36"
77.68.121.132 - - [30/Oct/2021:21:15:31 +0000] "GET /nicepage.css HTTP/1.1" 304 4843 "https://harmonypay.io/" "Serf/1.3.9 (mod_pagespeed/1.13.35.2-0)"
173.252.79.6 - - [30/Oct/2021:21:15:31 +0000] "GET / HTTP/1.0" 206 5672 "-" "facebookexternalhit/1.1 (+http://www.facebook.com/externalhit_uatext.php)"
77.68.121.132 - - [30/Oct/2021:21:15:31 +0000] "GET /Home.css HTTP/1.1" 304 4841 "https://harmonypay.io/" "Serf/1.3.9 (mod_pagespeed/1.13.35.2-0)"
77.68.121.132 - - [30/Oct/2021:21:15:31 +0000] "GET /jquery.js HTTP/1.1" 304 4842 "https://harmonypay.io/" "Serf/1.3.9 (mod_pagespeed/1.13.35.2-0)"
77.68.121.132 - - [30/Oct/2021:21:15:31 +0000] "GET /nicepage.js HTTP/1.1" 304 4842 "https://harmonypay.io/" "Serf/1.3.9 (mod_pagespeed/1.13.35.2-0)"
77.68.121.132 - - [30/Oct/2021:21:15:31 +0000] "GET /images/pexels-photo-2425025.jpeg HTTP/1.1" 304 4842 "https://harmonypay.io/" "Serf/1.3.9 (mod_pagespeed/1.13.35.2-0)"
77.68.121.132 - - [30/Oct/2021:21:15:31 +0000] "GET /images/pexels-photo-6995703.jpeg HTTP/1.1" 304 4842 "https://harmonypay.io/" "Serf/1.3.9 (mod_pagespeed/1.13.35.2-0)"
77.68.121.132 - - [30/Oct/2021:21:15:31 +0000] "GET /images/pexels-photo-2876090.jpeg HTTP/1.1" 304 4842 "https://harmonypay.io/" "Serf/1.3.9 (mod_pagespeed/1.13.35.2-0)"
77.68.121.132 - - [30/Oct/2021:21:15:31 +0000] "GET /images/pexels-photo-3331837.jpeg HTTP/1.1" 304 4842 "https://harmonypay.io/" "Serf/1.3.9 (mod_pagespeed/1.13.35.2-0)"
77.68.121.132 - - [30/Oct/2021:21:15:31 +0000] "GET /images/pexels-photo-5803334.jpeg HTTP/1.1" 304 4842 "https://harmonypay.io/" "Serf/1.3.9 (mod_pagespeed/1.13.35.2-0)"
173.252.87.118 - - [30/Oct/2021:21:15:33 +0000] "GET /?fbclid=IwAR330H59vwZhHYmyJx5H8BNATLF-Spxycejo9gCtMj_xJSsJE70scWJnyaM HTTP/1.0" 200 6361 "-" "Mozilla/5.0 (X11; Linux x86_64) AppleWebKit/537.36 (KHTML, like Gecko) Chrome/94.0.4606.81 Safari/537.36"
173.252.87.4 - - [30/Oct/2021:21:15:33 +0000] "GET /A.nicepage.css+Home.css,Mcc.CTcnccLgki.css.pagespeed.cf.JbRUTcOd4Y.css HTTP/1.0" 200 92648 "https://harmonypay.io/?fbclid=IwAR330H59vwZhHYmyJx5H8BNATLF-Spxycejo9gCtMj_xJSsJE70scWJnyaM" "Mozilla/5.0 (X11; Linux x86_64) AppleWebKit/537.36 (KHTML, like Gecko) Chrome/94.0.4606.81 Safari/537.36"
173.252.87.11 - - [30/Oct/2021:21:15:33 +0000] "GET /jquery.js.pagespeed.jm.A8biqtTJrt.js HTTP/1.0" 200 31434 "https://harmonypay.io/?fbclid=IwAR330H59vwZhHYmyJx5H8BNATLF-Spxycejo9gCtMj_xJSsJE70scWJnyaM" "Mozilla/5.0 (X11; Linux x86_64) AppleWebKit/537.36 (KHTML, like Gecko) Chrome/94.0.4606.81 Safari/537.36"
173.252.87.1 - - [30/Oct/2021:21:15:34 +0000] "GET /nicepage.js.pagespeed.jm.BKJGuPs1Av.js HTTP/1.0" 200 51016 "https://harmonypay.io/?fbclid=IwAR330H59vwZhHYmyJx5H8BNATLF-Spxycejo9gCtMj_xJSsJE70scWJnyaM" "Mozilla/5.0 (X11; Linux x86_64) AppleWebKit/537.36 (KHTML, like Gecko) Chrome/94.0.4606.81 Safari/537.36"
173.252.87.11 - - [30/Oct/2021:21:15:34 +0000] "GET /images/xpexels-photo-2425025.jpeg.pagespeed.ic.zPiITlj2ur.webp HTTP/1.0" 200 37862 "https://harmonypay.io/?fbclid=IwAR330H59vwZhHYmyJx5H8BNATLF-Spxycejo9gCtMj_xJSsJE70scWJnyaM" "Mozilla/5.0 (X11; Linux x86_64) AppleWebKit/537.36 (KHTML, like Gecko) Chrome/94.0.4606.81 Safari/537.36"
173.252.87.4 - - [30/Oct/2021:21:15:34 +0000] "GET /images/xpexels-photo-6995703.jpeg.pagespeed.ic.tAK3gaBBik.webp HTTP/1.0" 200 57655 "https://harmonypay.io/?fbclid=IwAR330H59vwZhHYmyJx5H8BNATLF-Spxycejo9gCtMj_xJSsJE70scWJnyaM" "Mozilla/5.0 (X11; Linux x86_64) AppleWebKit/537.36 (KHTML, like Gecko) Chrome/94.0.4606.81 Safari/537.36"
173.252.87.1 - - [30/Oct/2021:21:15:34 +0000] "GET /images/xpexels-photo-2876090.jpeg.pagespeed.ic.311DedmnxE.webp HTTP/1.0" 200 48794 "https://harmonypay.io/?fbclid=IwAR330H59vwZhHYmyJx5H8BNATLF-Spxycejo9gCtMj_xJSsJE70scWJnyaM" "Mozilla/5.0 (X11; Linux x86_64) AppleWebKit/537.36 (KHTML, like Gecko) Chrome/94.0.4606.81 Safari/537.36"
173.252.87.4 - - [30/Oct/2021:21:15:35 +0000] "GET /images/xpexels-photo-5803334.jpeg.pagespeed.ic.IZe9a2k-iK.webp HTTP/1.0" 200 57679 "https://harmonypay.io/?fbclid=IwAR330H59vwZhHYmyJx5H8BNATLF-Spxycejo9gCtMj_xJSsJE70scWJnyaM" "Mozilla/5.0 (X11; Linux x86_64) AppleWebKit/537.36 (KHTML, like Gecko) Chrome/94.0.4606.81 Safari/537.36"
173.252.87.1 - - [30/Oct/2021:21:15:35 +0000] "GET /images/xpexels-photo-3331837.jpeg.pagespeed.ic.AsJASr3lWT.webp HTTP/1.0" 200 48896 "https://harmonypay.io/?fbclid=IwAR330H59vwZhHYmyJx5H8BNATLF-Spxycejo9gCtMj_xJSsJE70scWJnyaM" "Mozilla/5.0 (X11; Linux x86_64) AppleWebKit/537.36 (KHTML, like Gecko) Chrome/94.0.4606.81 Safari/537.36"
173.252.87.1 - - [30/Oct/2021:21:15:36 +0000] "POST /mod_pagespeed_beacon?url=https%3A%2F%2Fharmonypay.io%2F%3Ffbclid%3DIwAR330H59vwZhHYmyJx5H8BNATLF-Spxycejo9gCtMj_xJSsJE70scWJnyaM HTTP/1.0" 204 305 "https://harmonypay.io/?fbclid=IwAR330H59vwZhHYmyJx5H8BNATLF-Spxycejo9gCtMj_xJSsJE70scWJnyaM" "Mozilla/5.0 (X11; Linux x86_64) AppleWebKit/537.36 (KHTML, like Gecko) Chrome/94.0.4606.81 Safari/537.36"
173.252.87.4 - - [30/Oct/2021:21:15:36 +0000] "GET /favicon.ico HTTP/1.0" 404 1245 "https://harmonypay.io/?fbclid=IwAR330H59vwZhHYmyJx5H8BNATLF-Spxycejo9gCtMj_xJSsJE70scWJnyaM" "Mozilla/5.0 (X11; Linux x86_64) AppleWebKit/537.36 (KHTML, like Gecko) Chrome/94.0.4606.81 Safari/537.36"
173.252.87.24 - - [30/Oct/2021:21:15:57 +0000] "POST /mod_pagespeed_beacon?url=https%3A%2F%2Fharmonypay.io%2F%3Ffbclid%3DIwAR330H59vwZhHYmyJx5H8BNATLF-Spxycejo9gCtMj_xJSsJE70scWJnyaM HTTP/1.0" 204 305 "https://harmonypay.io/?fbclid=IwAR330H59vwZhHYmyJx5H8BNATLF-Spxycejo9gCtMj_xJSsJE70scWJnyaM" "Mozilla/5.0 (X11; Linux x86_64) AppleWebKit/537.36 (KHTML, like Gecko) Chrome/94.0.4606.81 Safari/537.36"
173.252.87.117 - - [30/Oct/2021:21:16:06 +0000] "GET /images/xpexels-photo-2876090.jpeg.pagespeed.ic.311DedmnxE.webp HTTP/1.0" 200 48794 "-" "adreview/1.0"
31.13.115.16 - - [30/Oct/2021:21:16:08 +0000] "GET /images/xpexels-photo-5803334.jpeg.pagespeed.ic.IZe9a2k-iK.webp HTTP/1.0" 200 57679 "-" "cortex/1.0"
69.171.249.117 - - [30/Oct/2021:21:16:09 +0000] "GET /images/xpexels-photo-2876090.jpeg.pagespeed.ic.311DedmnxE.webp HTTP/1.0" 200 48794 "-" "cortex/1.0"
173.252.79.116 - - [30/Oct/2021:21:16:09 +0000] "GET /images/xpexels-photo-3331837.jpeg.pagespeed.ic.AsJASr3lWT.webp HTTP/1.0" 200 48896 "-" "cortex/1.0"
66.220.149.116 - - [30/Oct/2021:21:16:09 +0000] "GET /images/xpexels-photo-2425025.jpeg.pagespeed.ic.zPiITlj2ur.webp HTTP/1.0" 200 37862 "-" "cortex/1.0"
66.220.149.18 - - [30/Oct/2021:21:16:09 +0000] "GET /images/xpexels-photo-6995703.jpeg.pagespeed.ic.tAK3gaBBik.webp HTTP/1.0" 200 57655 "-" "cortex/1.0"
187.69.102.85 - - [30/Oct/2021:22:00:11 +0000] "POST /mod_pagespeed_beacon?url=https%3A%2F%2Fharmonypay.io%2F HTTP/1.0" 204 1684 "https://harmonypay.io/" "Mozilla/5.0 (Windows NT 10.0; Win64; x64) AppleWebKit/537.36 (KHTML, like Gecko) Chrome/95.0.4638.54 Safari/537.36"
92.118.160.17 - - [31/Oct/2021:06:22:42 +0000] "GET / HTTP/1.0" 200 19880 "http://77.68.121.132:80/" "Go http package"
77.68.121.132 - - [31/Oct/2021:06:22:42 +0000] "GET /nicepage.css HTTP/1.1" 304 4843 "https://harmonypay.io/" "Serf/1.3.9 (mod_pagespeed/1.13.35.2-0)"
77.68.121.132 - - [31/Oct/2021:06:22:42 +0000] "GET /Home.css HTTP/1.1" 304 4841 "https://harmonypay.io/" "Serf/1.3.9 (mod_pagespeed/1.13.35.2-0)"
77.68.121.132 - - [31/Oct/2021:06:22:42 +0000] "GET /jquery.js HTTP/1.1" 304 4842 "https://harmonypay.io/" "Serf/1.3.9 (mod_pagespeed/1.13.35.2-0)"
77.68.121.132 - - [31/Oct/2021:06:22:42 +0000] "GET /nicepage.js HTTP/1.1" 304 4842 "https://harmonypay.io/" "Serf/1.3.9 (mod_pagespeed/1.13.35.2-0)"
77.68.121.132 - - [31/Oct/2021:06:22:42 +0000] "GET /images/pexels-photo-2425025.jpeg HTTP/1.1" 304 4842 "https://harmonypay.io/" "Serf/1.3.9 (mod_pagespeed/1.13.35.2-0)"
77.68.121.132 - - [31/Oct/2021:06:22:42 +0000] "GET /images/pexels-photo-6995703.jpeg HTTP/1.1" 304 4842 "https://harmonypay.io/" "Serf/1.3.9 (mod_pagespeed/1.13.35.2-0)"
77.68.121.132 - - [31/Oct/2021:06:22:42 +0000] "GET /images/pexels-photo-2876090.jpeg HTTP/1.1" 304 4842 "https://harmonypay.io/" "Serf/1.3.9 (mod_pagespeed/1.13.35.2-0)"
77.68.121.132 - - [31/Oct/2021:06:22:42 +0000] "GET /images/pexels-photo-3331837.jpeg HTTP/1.1" 304 4842 "https://harmonypay.io/" "Serf/1.3.9 (mod_pagespeed/1.13.35.2-0)"
77.68.121.132 - - [31/Oct/2021:06:22:42 +0000] "GET /images/pexels-photo-5803334.jpeg HTTP/1.1" 304 4842 "https://harmonypay.io/" "Serf/1.3.9 (mod_pagespeed/1.13.35.2-0)"
195.214.233.8 - - [30/Oct/2021:17:29:55 +0000] "GET /test.php HTTP/2.0" 200 59 "-" "Mozilla/5.0 (Windows NT 6.3; Win64; x64) AppleWebKit/537.36 (KHTML, like Gecko) Chrome/95.0.4638.54 Safari/537.36"
18.207.131.118 - - [30/Oct/2021:19:10:24 +0000] "GET /test.php HTTP/1.1" 200 103 "-" "Slackbot-LinkExpanding 1.0 (+https://api.slack.com/robots)"
195.214.233.8 - - [30/Oct/2021:19:16:36 +0000] "GET /error_docs/styles.css HTTP/2.0" 200 835 "https://harmonypay.io/tst.html" "Mozilla/5.0 (Windows NT 6.3; Win64; x64) AppleWebKit/537.36 (KHTML, like Gecko) Chrome/95.0.4638.54 Safari/537.36"
195.214.233.8 - - [30/Oct/2021:19:16:36 +0000] "GET /error_docs/server.svg HTTP/2.0" 200 7416 "https://harmonypay.io/error_docs/styles.css" "Mozilla/5.0 (Windows NT 6.3; Win64; x64) AppleWebKit/537.36 (KHTML, like Gecko) Chrome/95.0.4638.54 Safari/537.36"
195.214.233.8 - - [30/Oct/2021:19:16:43 +0000] "GET /error_docs/styles.css HTTP/2.0" 200 835 "https://harmonypay.io/tst.html" "Mozilla/5.0 (Windows NT 6.3; Win64; x64) AppleWebKit/537.36 (KHTML, like Gecko) Chrome/95.0.4638.54 Safari/537.36"
195.214.233.8 - - [30/Oct/2021:19:16:44 +0000] "GET /error_docs/server.svg HTTP/2.0" 200 7416 "https://harmonypay.io/error_docs/styles.css" "Mozilla/5.0 (Windows NT 6.3; Win64; x64) AppleWebKit/537.36 (KHTML, like Gecko) Chrome/95.0.4638.54 Safari/537.36"
195.214.233.8 - - [30/Oct/2021:19:25:41 +0000] "GET /index.html HTTP/2.0" 200 3337 "-" "Mozilla/5.0 (Windows NT 6.3; Win64; x64) AppleWebKit/537.36 (KHTML, like Gecko) Chrome/95.0.4638.54 Safari/537.36"
195.214.233.8 - - [30/Oct/2021:19:25:41 +0000] "GET /nicepage.css HTTP/2.0" 200 71033 "https://harmonypay.io/index.html" "Mozilla/5.0 (Windows NT 6.3; Win64; x64) AppleWebKit/537.36 (KHTML, like Gecko) Chrome/95.0.4638.54 Safari/537.36"
195.214.233.8 - - [30/Oct/2021:19:25:41 +0000] "GET /Home.css HTTP/2.0" 200 2012 "https://harmonypay.io/index.html" "Mozilla/5.0 (Windows NT 6.3; Win64; x64) AppleWebKit/537.36 (KHTML, like Gecko) Chrome/95.0.4638.54 Safari/537.36"
195.214.233.8 - - [30/Oct/2021:19:25:41 +0000] "GET /jquery.js HTTP/2.0" 200 30122 "https://harmonypay.io/index.html" "Mozilla/5.0 (Windows NT 6.3; Win64; x64) AppleWebKit/537.36 (KHTML, like Gecko) Chrome/95.0.4638.54 Safari/537.36"
195.214.233.8 - - [30/Oct/2021:19:25:41 +0000] "GET /nicepage.js HTTP/2.0" 200 48377 "https://harmonypay.io/index.html" "Mozilla/5.0 (Windows NT 6.3; Win64; x64) AppleWebKit/537.36 (KHTML, like Gecko) Chrome/95.0.4638.54 Safari/537.36"
195.214.233.8 - - [30/Oct/2021:19:25:41 +0000] "GET /images/pexels-photo-6995703.jpeg HTTP/2.0" 200 98035 "https://harmonypay.io/index.html" "Mozilla/5.0 (Windows NT 6.3; Win64; x64) AppleWebKit/537.36 (KHTML, like Gecko) Chrome/95.0.4638.54 Safari/537.36"
195.214.233.8 - - [30/Oct/2021:19:25:41 +0000] "GET /images/pexels-photo-2425025.jpeg HTTP/2.0" 200 76562 "https://harmonypay.io/index.html" "Mozilla/5.0 (Windows NT 6.3; Win64; x64) AppleWebKit/537.36 (KHTML, like Gecko) Chrome/95.0.4638.54 Safari/537.36"
195.214.233.8 - - [30/Oct/2021:19:25:41 +0000] "GET /images/pexels-photo-3331837.jpeg HTTP/2.0" 200 82811 "https://harmonypay.io/index.html" "Mozilla/5.0 (Windows NT 6.3; Win64; x64) AppleWebKit/537.36 (KHTML, like Gecko) Chrome/95.0.4638.54 Safari/537.36"
195.214.233.8 - - [30/Oct/2021:19:25:41 +0000] "GET /images/pexels-photo-2876090.jpeg HTTP/2.0" 200 95473 "https://harmonypay.io/index.html" "Mozilla/5.0 (Windows NT 6.3; Win64; x64) AppleWebKit/537.36 (KHTML, like Gecko) Chrome/95.0.4638.54 Safari/537.36"
195.214.233.8 - - [30/Oct/2021:19:25:41 +0000] "GET /images/pexels-photo-5803334.jpeg HTTP/2.0" 200 83973 "https://harmonypay.io/index.html" "Mozilla/5.0 (Windows NT 6.3; Win64; x64) AppleWebKit/537.36 (KHTML, like Gecko) Chrome/95.0.4638.54 Safari/537.36"
